
SQL*Loader: Release 19.0.0.0.0 - Production on Thu Apr 17 04:17:22 2025
Version 19.26.0.0.0

Copyright (c) 1982, 2025, Oracle and/or its affiliates.  All rights reserved.

Control File:   /app/conf/oracle/data_loader/loantrans_loader.ctl
Data File:      Data_1x/loanTrans.csv
  Bad File:     bad.log
  Discard File:  none specified
 
 (Allow all discards)

Number to load: ALL
Number to skip: 0
Errors allowed: 50
Bind array:     250 rows, maximum of 1048576 bytes
Continuation:    none specified
Path used:      Conventional

Table LOANTRANS, loaded from every logical record.
Insert option in effect for this table: INSERT

   Column Name                  Position   Len  Term Encl Datatype
------------------------------ ---------- ----- ---- ---- ---------------------
ID                                  FIRST     *   ,       CHARACTER            
APPLICANTID                          NEXT     *   ,       CHARACTER            
APPID                                NEXT     *   ,       CHARACTER            
AMOUNT                               NEXT     *   ,       CHARACTER            
STATUS                               NEXT     *   ,       CHARACTER            
TIMESTAMP                            NEXT     *   ,       DATETIME yyyy-mm-dd HH24:MI:SS.FF3
DURATION                             NEXT     *   ,       CHARACTER            
CONTRACT_TIMESTAMP                   NEXT     *   ,       DATETIME yyyy-mm-dd HH24:MI:SS.FF3
DELINQUENCY                          NEXT     *   ,       CHARACTER            


Table LOANTRANS:
  600000 Rows successfully loaded.
  0 Rows not loaded due to data errors.
  0 Rows not loaded because all WHEN clauses were failed.
  0 Rows not loaded because all fields were null.


Space allocated for bind array:                 580500 bytes(250 rows)
Read   buffer bytes: 1048576

Total logical records skipped:          0
Total logical records read:        600000
Total logical records rejected:         0
Total logical records discarded:        0

Run began on Thu Apr 17 04:17:22 2025
Run ended on Thu Apr 17 04:17:36 2025

Elapsed time was:     00:00:13.58
CPU time was:         00:00:00.66
