dmfldr: 2025-04-17 06:25:43  Encryption module failed to load
dmfldr: 2025-04-17 06:25:43  
Dest table: 
load failed.
failing reason: Encryption module failed to load
0 rows loaded success.
0 rows not loaded due to data error.
0 rows not loaded due to data format error.

Skip logic record counts: 0
Read logic record counts: 0
Refuse logic record counts: 0

0.000(ms) time used.

dmfldr: 2025-04-17 06:25:43  Encryption module failed to load
dmfldr: 2025-04-17 06:25:43  
Dest table: 
load failed.
failing reason: Encryption module failed to load
0 rows loaded success.
0 rows not loaded due to data error.
0 rows not loaded due to data format error.

Skip logic record counts: 0
Read logic record counts: 0
Refuse logic record counts: 0

0.000(ms) time used.

dmfldr: 2025-04-17 06:25:43  Encryption module failed to load
dmfldr: 2025-04-17 06:25:43  
Dest table: 
load failed.
failing reason: Encryption module failed to load
0 rows loaded success.
0 rows not loaded due to data error.
0 rows not loaded due to data format error.

Skip logic record counts: 0
Read logic record counts: 0
Refuse logic record counts: 0

0.000(ms) time used.

dmfldr: 2025-04-17 06:25:43  Encryption module failed to load
dmfldr: 2025-04-17 06:25:43  
Dest table: 
load failed.
failing reason: Encryption module failed to load
0 rows loaded success.
0 rows not loaded due to data error.
0 rows not loaded due to data format error.

Skip logic record counts: 0
Read logic record counts: 0
Refuse logic record counts: 0

0.000(ms) time used.

dmfldr: 2025-04-17 06:25:43  Encryption module failed to load
dmfldr: 2025-04-17 06:25:43  
Dest table: 
load failed.
failing reason: Encryption module failed to load
0 rows loaded success.
0 rows not loaded due to data error.
0 rows not loaded due to data format error.

Skip logic record counts: 0
Read logic record counts: 0
Refuse logic record counts: 0

0.000(ms) time used.

dmfldr: 2025-04-17 06:25:43  Encryption module failed to load
dmfldr: 2025-04-17 06:25:43  
Dest table: 
load failed.
failing reason: Encryption module failed to load
0 rows loaded success.
0 rows not loaded due to data error.
0 rows not loaded due to data format error.

Skip logic record counts: 0
Read logic record counts: 0
Refuse logic record counts: 0

0.000(ms) time used.

dmfldr: 2025-04-17 06:25:43  Encryption module failed to load
dmfldr: 2025-04-17 06:25:43  
Dest table: 
load failed.
failing reason: Encryption module failed to load
0 rows loaded success.
0 rows not loaded due to data error.
0 rows not loaded due to data format error.

Skip logic record counts: 0
Read logic record counts: 0
Refuse logic record counts: 0

0.000(ms) time used.

dmfldr: 2025-04-17 06:25:43  Encryption module failed to load
dmfldr: 2025-04-17 06:25:43  
Dest table: 
load failed.
failing reason: Encryption module failed to load
0 rows loaded success.
0 rows not loaded due to data error.
0 rows not loaded due to data format error.

Skip logic record counts: 0
Read logic record counts: 0
Refuse logic record counts: 0

0.000(ms) time used.

dmfldr: 2025-04-17 14:30:35  加密模块加载失败
dmfldr: 2025-04-17 14:30:35  
目标表: 
load failed.
失败原因: 加密模块加载失败
0 行加载成功。
0 行由于数据错误没有加载。
0 行由于数据格式错误被丢弃。

跳过的逻辑记录总数: 0
读取的逻辑记录总数: 0
拒绝的逻辑记录总数: 0

0.000(ms)已使用

dmfldr: 2025-04-17 14:30:35  加密模块加载失败
dmfldr: 2025-04-17 14:30:35  
目标表: 
load failed.
失败原因: 加密模块加载失败
0 行加载成功。
0 行由于数据错误没有加载。
0 行由于数据格式错误被丢弃。

跳过的逻辑记录总数: 0
读取的逻辑记录总数: 0
拒绝的逻辑记录总数: 0

0.000(ms)已使用

dmfldr: 2025-04-17 14:30:35  加密模块加载失败
dmfldr: 2025-04-17 14:30:35  
目标表: 
load failed.
失败原因: 加密模块加载失败
0 行加载成功。
0 行由于数据错误没有加载。
0 行由于数据格式错误被丢弃。

跳过的逻辑记录总数: 0
读取的逻辑记录总数: 0
拒绝的逻辑记录总数: 0

0.000(ms)已使用

dmfldr: 2025-04-17 14:30:35  加密模块加载失败
dmfldr: 2025-04-17 14:30:35  
目标表: 
load failed.
失败原因: 加密模块加载失败
0 行加载成功。
0 行由于数据错误没有加载。
0 行由于数据格式错误被丢弃。

跳过的逻辑记录总数: 0
读取的逻辑记录总数: 0
拒绝的逻辑记录总数: 0

0.000(ms)已使用

dmfldr: 2025-04-17 14:30:35  加密模块加载失败
dmfldr: 2025-04-17 14:30:35  
目标表: 
load failed.
失败原因: 加密模块加载失败
0 行加载成功。
0 行由于数据错误没有加载。
0 行由于数据格式错误被丢弃。

跳过的逻辑记录总数: 0
读取的逻辑记录总数: 0
拒绝的逻辑记录总数: 0

0.000(ms)已使用

dmfldr: 2025-04-17 14:30:35  加密模块加载失败
dmfldr: 2025-04-17 14:30:35  
目标表: 
load failed.
失败原因: 加密模块加载失败
0 行加载成功。
0 行由于数据错误没有加载。
0 行由于数据格式错误被丢弃。

跳过的逻辑记录总数: 0
读取的逻辑记录总数: 0
拒绝的逻辑记录总数: 0

0.000(ms)已使用

dmfldr: 2025-04-17 14:30:35  加密模块加载失败
dmfldr: 2025-04-17 14:30:35  
目标表: 
load failed.
失败原因: 加密模块加载失败
0 行加载成功。
0 行由于数据错误没有加载。
0 行由于数据格式错误被丢弃。

跳过的逻辑记录总数: 0
读取的逻辑记录总数: 0
拒绝的逻辑记录总数: 0

0.000(ms)已使用

dmfldr: 2025-04-17 14:30:35  加密模块加载失败
dmfldr: 2025-04-17 14:30:35  
目标表: 
load failed.
失败原因: 加密模块加载失败
0 行加载成功。
0 行由于数据错误没有加载。
0 行由于数据格式错误被丢弃。

跳过的逻辑记录总数: 0
读取的逻辑记录总数: 0
拒绝的逻辑记录总数: 0

0.000(ms)已使用

dmfldr: 2025-04-17 06:56:00  Encryption module failed to load
dmfldr: 2025-04-17 06:56:00  
Dest table: 
load failed.
failing reason: Encryption module failed to load
0 rows loaded success.
0 rows not loaded due to data error.
0 rows not loaded due to data format error.

Skip logic record counts: 0
Read logic record counts: 0
Refuse logic record counts: 0

0.000(ms) time used.

dmfldr: 2025-04-17 06:56:00  Encryption module failed to load
dmfldr: 2025-04-17 06:56:00  
Dest table: 
load failed.
failing reason: Encryption module failed to load
0 rows loaded success.
0 rows not loaded due to data error.
0 rows not loaded due to data format error.

Skip logic record counts: 0
Read logic record counts: 0
Refuse logic record counts: 0

0.000(ms) time used.

dmfldr: 2025-04-17 06:56:00  Encryption module failed to load
dmfldr: 2025-04-17 06:56:00  
Dest table: 
load failed.
failing reason: Encryption module failed to load
0 rows loaded success.
0 rows not loaded due to data error.
0 rows not loaded due to data format error.

Skip logic record counts: 0
Read logic record counts: 0
Refuse logic record counts: 0

0.000(ms) time used.

dmfldr: 2025-04-17 06:56:00  Encryption module failed to load
dmfldr: 2025-04-17 06:56:00  
Dest table: 
load failed.
failing reason: Encryption module failed to load
0 rows loaded success.
0 rows not loaded due to data error.
0 rows not loaded due to data format error.

Skip logic record counts: 0
Read logic record counts: 0
Refuse logic record counts: 0

0.000(ms) time used.

dmfldr: 2025-04-17 06:56:01  Encryption module failed to load
dmfldr: 2025-04-17 06:56:01  
Dest table: 
load failed.
failing reason: Encryption module failed to load
0 rows loaded success.
0 rows not loaded due to data error.
0 rows not loaded due to data format error.

Skip logic record counts: 0
Read logic record counts: 0
Refuse logic record counts: 0

0.000(ms) time used.

dmfldr: 2025-04-17 06:56:01  Encryption module failed to load
dmfldr: 2025-04-17 06:56:01  
Dest table: 
load failed.
failing reason: Encryption module failed to load
0 rows loaded success.
0 rows not loaded due to data error.
0 rows not loaded due to data format error.

Skip logic record counts: 0
Read logic record counts: 0
Refuse logic record counts: 0

0.000(ms) time used.

dmfldr: 2025-04-17 06:56:01  Encryption module failed to load
dmfldr: 2025-04-17 06:56:01  
Dest table: 
load failed.
failing reason: Encryption module failed to load
0 rows loaded success.
0 rows not loaded due to data error.
0 rows not loaded due to data format error.

Skip logic record counts: 0
Read logic record counts: 0
Refuse logic record counts: 0

0.000(ms) time used.

dmfldr: 2025-04-17 06:56:01  Encryption module failed to load
dmfldr: 2025-04-17 06:56:01  
Dest table: 
load failed.
failing reason: Encryption module failed to load
0 rows loaded success.
0 rows not loaded due to data error.
0 rows not loaded due to data format error.

Skip logic record counts: 0
Read logic record counts: 0
Refuse logic record counts: 0

0.000(ms) time used.

dmfldr: 2025-04-17 06:56:43  Encryption module failed to load
dmfldr: 2025-04-17 06:56:43  
Dest table: 
load failed.
failing reason: Encryption module failed to load
0 rows loaded success.
0 rows not loaded due to data error.
0 rows not loaded due to data format error.

Skip logic record counts: 0
Read logic record counts: 0
Refuse logic record counts: 0

0.000(ms) time used.

dmfldr: 2025-04-17 06:56:43  Encryption module failed to load
dmfldr: 2025-04-17 06:56:43  
Dest table: 
load failed.
failing reason: Encryption module failed to load
0 rows loaded success.
0 rows not loaded due to data error.
0 rows not loaded due to data format error.

Skip logic record counts: 0
Read logic record counts: 0
Refuse logic record counts: 0

0.000(ms) time used.

dmfldr: 2025-04-17 06:56:43  Encryption module failed to load
dmfldr: 2025-04-17 06:56:43  
Dest table: 
load failed.
failing reason: Encryption module failed to load
0 rows loaded success.
0 rows not loaded due to data error.
0 rows not loaded due to data format error.

Skip logic record counts: 0
Read logic record counts: 0
Refuse logic record counts: 0

0.000(ms) time used.

dmfldr: 2025-04-17 06:56:44  Encryption module failed to load
dmfldr: 2025-04-17 06:56:44  
Dest table: 
load failed.
failing reason: Encryption module failed to load
0 rows loaded success.
0 rows not loaded due to data error.
0 rows not loaded due to data format error.

Skip logic record counts: 0
Read logic record counts: 0
Refuse logic record counts: 0

0.000(ms) time used.

dmfldr: 2025-04-17 06:56:44  Encryption module failed to load
dmfldr: 2025-04-17 06:56:44  
Dest table: 
load failed.
failing reason: Encryption module failed to load
0 rows loaded success.
0 rows not loaded due to data error.
0 rows not loaded due to data format error.

Skip logic record counts: 0
Read logic record counts: 0
Refuse logic record counts: 0

0.000(ms) time used.

dmfldr: 2025-04-17 06:56:44  Encryption module failed to load
dmfldr: 2025-04-17 06:56:44  
Dest table: 
load failed.
failing reason: Encryption module failed to load
0 rows loaded success.
0 rows not loaded due to data error.
0 rows not loaded due to data format error.

Skip logic record counts: 0
Read logic record counts: 0
Refuse logic record counts: 0

0.000(ms) time used.

dmfldr: 2025-04-17 06:56:44  Encryption module failed to load
dmfldr: 2025-04-17 06:56:44  
Dest table: 
load failed.
failing reason: Encryption module failed to load
0 rows loaded success.
0 rows not loaded due to data error.
0 rows not loaded due to data format error.

Skip logic record counts: 0
Read logic record counts: 0
Refuse logic record counts: 0

0.000(ms) time used.

dmfldr: 2025-04-17 06:56:44  Encryption module failed to load
dmfldr: 2025-04-17 06:56:44  
Dest table: 
load failed.
failing reason: Encryption module failed to load
0 rows loaded success.
0 rows not loaded due to data error.
0 rows not loaded due to data format error.

Skip logic record counts: 0
Read logic record counts: 0
Refuse logic record counts: 0

0.000(ms) time used.

dmfldr: 2025-04-17 06:57:55  Encryption module failed to load
dmfldr: 2025-04-17 06:57:55  
Dest table: 
load failed.
failing reason: Encryption module failed to load
0 rows loaded success.
0 rows not loaded due to data error.
0 rows not loaded due to data format error.

Skip logic record counts: 0
Read logic record counts: 0
Refuse logic record counts: 0

0.000(ms) time used.

dmfldr: 2025-04-17 06:57:55  Encryption module failed to load
dmfldr: 2025-04-17 06:57:55  
Dest table: 
load failed.
failing reason: Encryption module failed to load
0 rows loaded success.
0 rows not loaded due to data error.
0 rows not loaded due to data format error.

Skip logic record counts: 0
Read logic record counts: 0
Refuse logic record counts: 0

0.000(ms) time used.

dmfldr: 2025-04-17 06:57:56  Encryption module failed to load
dmfldr: 2025-04-17 06:57:56  
Dest table: 
load failed.
failing reason: Encryption module failed to load
0 rows loaded success.
0 rows not loaded due to data error.
0 rows not loaded due to data format error.

Skip logic record counts: 0
Read logic record counts: 0
Refuse logic record counts: 0

0.000(ms) time used.

dmfldr: 2025-04-17 06:57:56  Encryption module failed to load
dmfldr: 2025-04-17 06:57:56  
Dest table: 
load failed.
failing reason: Encryption module failed to load
0 rows loaded success.
0 rows not loaded due to data error.
0 rows not loaded due to data format error.

Skip logic record counts: 0
Read logic record counts: 0
Refuse logic record counts: 0

0.000(ms) time used.

dmfldr: 2025-04-17 06:57:56  Encryption module failed to load
dmfldr: 2025-04-17 06:57:56  
Dest table: 
load failed.
failing reason: Encryption module failed to load
0 rows loaded success.
0 rows not loaded due to data error.
0 rows not loaded due to data format error.

Skip logic record counts: 0
Read logic record counts: 0
Refuse logic record counts: 0

0.000(ms) time used.

dmfldr: 2025-04-17 06:57:56  Encryption module failed to load
dmfldr: 2025-04-17 06:57:56  
Dest table: 
load failed.
failing reason: Encryption module failed to load
0 rows loaded success.
0 rows not loaded due to data error.
0 rows not loaded due to data format error.

Skip logic record counts: 0
Read logic record counts: 0
Refuse logic record counts: 0

0.000(ms) time used.

dmfldr: 2025-04-17 06:57:56  Encryption module failed to load
dmfldr: 2025-04-17 06:57:56  
Dest table: 
load failed.
failing reason: Encryption module failed to load
0 rows loaded success.
0 rows not loaded due to data error.
0 rows not loaded due to data format error.

Skip logic record counts: 0
Read logic record counts: 0
Refuse logic record counts: 0

0.000(ms) time used.

dmfldr: 2025-04-17 06:57:56  Encryption module failed to load
dmfldr: 2025-04-17 06:57:56  
Dest table: 
load failed.
failing reason: Encryption module failed to load
0 rows loaded success.
0 rows not loaded due to data error.
0 rows not loaded due to data format error.

Skip logic record counts: 0
Read logic record counts: 0
Refuse logic record counts: 0

0.000(ms) time used.

dmfldr: 2025-04-17 07:04:33  Encryption module failed to load
dmfldr: 2025-04-17 07:04:33  
Dest table: 
load failed.
failing reason: Encryption module failed to load
0 rows loaded success.
0 rows not loaded due to data error.
0 rows not loaded due to data format error.

Skip logic record counts: 0
Read logic record counts: 0
Refuse logic record counts: 0

0.000(ms) time used.

dmfldr: 2025-04-17 07:04:33  Encryption module failed to load
dmfldr: 2025-04-17 07:04:33  
Dest table: 
load failed.
failing reason: Encryption module failed to load
0 rows loaded success.
0 rows not loaded due to data error.
0 rows not loaded due to data format error.

Skip logic record counts: 0
Read logic record counts: 0
Refuse logic record counts: 0

0.000(ms) time used.

dmfldr: 2025-04-17 07:04:33  Encryption module failed to load
dmfldr: 2025-04-17 07:04:33  
Dest table: 
load failed.
failing reason: Encryption module failed to load
0 rows loaded success.
0 rows not loaded due to data error.
0 rows not loaded due to data format error.

Skip logic record counts: 0
Read logic record counts: 0
Refuse logic record counts: 0

0.000(ms) time used.

dmfldr: 2025-04-17 07:04:33  Encryption module failed to load
dmfldr: 2025-04-17 07:04:33  
Dest table: 
load failed.
failing reason: Encryption module failed to load
0 rows loaded success.
0 rows not loaded due to data error.
0 rows not loaded due to data format error.

Skip logic record counts: 0
Read logic record counts: 0
Refuse logic record counts: 0

0.000(ms) time used.

dmfldr: 2025-04-17 07:04:33  Encryption module failed to load
dmfldr: 2025-04-17 07:04:33  
Dest table: 
load failed.
failing reason: Encryption module failed to load
0 rows loaded success.
0 rows not loaded due to data error.
0 rows not loaded due to data format error.

Skip logic record counts: 0
Read logic record counts: 0
Refuse logic record counts: 0

0.000(ms) time used.

dmfldr: 2025-04-17 07:04:33  Encryption module failed to load
dmfldr: 2025-04-17 07:04:33  
Dest table: 
load failed.
failing reason: Encryption module failed to load
0 rows loaded success.
0 rows not loaded due to data error.
0 rows not loaded due to data format error.

Skip logic record counts: 0
Read logic record counts: 0
Refuse logic record counts: 0

0.000(ms) time used.

dmfldr: 2025-04-17 07:04:33  Encryption module failed to load
dmfldr: 2025-04-17 07:04:33  
Dest table: 
load failed.
failing reason: Encryption module failed to load
0 rows loaded success.
0 rows not loaded due to data error.
0 rows not loaded due to data format error.

Skip logic record counts: 0
Read logic record counts: 0
Refuse logic record counts: 0

0.000(ms) time used.

dmfldr: 2025-04-17 07:04:33  Encryption module failed to load
dmfldr: 2025-04-17 07:04:33  
Dest table: 
load failed.
failing reason: Encryption module failed to load
0 rows loaded success.
0 rows not loaded due to data error.
0 rows not loaded due to data format error.

Skip logic record counts: 0
Read logic record counts: 0
Refuse logic record counts: 0

0.000(ms) time used.

dmfldr: 2025-04-17 07:08:30  Encryption module failed to load
dmfldr: 2025-04-17 07:08:30  
Dest table: 
load failed.
failing reason: Encryption module failed to load
0 rows loaded success.
0 rows not loaded due to data error.
0 rows not loaded due to data format error.

Skip logic record counts: 0
Read logic record counts: 0
Refuse logic record counts: 0

0.000(ms) time used.

dmfldr: 2025-04-17 07:08:30  Encryption module failed to load
dmfldr: 2025-04-17 07:08:30  
Dest table: 
load failed.
failing reason: Encryption module failed to load
0 rows loaded success.
0 rows not loaded due to data error.
0 rows not loaded due to data format error.

Skip logic record counts: 0
Read logic record counts: 0
Refuse logic record counts: 0

0.000(ms) time used.

dmfldr: 2025-04-17 07:08:30  Encryption module failed to load
dmfldr: 2025-04-17 07:08:30  
Dest table: 
load failed.
failing reason: Encryption module failed to load
0 rows loaded success.
0 rows not loaded due to data error.
0 rows not loaded due to data format error.

Skip logic record counts: 0
Read logic record counts: 0
Refuse logic record counts: 0

0.000(ms) time used.

dmfldr: 2025-04-17 07:08:30  Encryption module failed to load
dmfldr: 2025-04-17 07:08:30  
Dest table: 
load failed.
failing reason: Encryption module failed to load
0 rows loaded success.
0 rows not loaded due to data error.
0 rows not loaded due to data format error.

Skip logic record counts: 0
Read logic record counts: 0
Refuse logic record counts: 0

0.000(ms) time used.

dmfldr: 2025-04-17 07:08:30  Encryption module failed to load
dmfldr: 2025-04-17 07:08:30  
Dest table: 
load failed.
failing reason: Encryption module failed to load
0 rows loaded success.
0 rows not loaded due to data error.
0 rows not loaded due to data format error.

Skip logic record counts: 0
Read logic record counts: 0
Refuse logic record counts: 0

0.000(ms) time used.

dmfldr: 2025-04-17 07:08:30  Encryption module failed to load
dmfldr: 2025-04-17 07:08:30  
Dest table: 
load failed.
failing reason: Encryption module failed to load
0 rows loaded success.
0 rows not loaded due to data error.
0 rows not loaded due to data format error.

Skip logic record counts: 0
Read logic record counts: 0
Refuse logic record counts: 0

0.000(ms) time used.

dmfldr: 2025-04-17 07:08:30  Encryption module failed to load
dmfldr: 2025-04-17 07:08:31  
Dest table: 
load failed.
failing reason: Encryption module failed to load
0 rows loaded success.
0 rows not loaded due to data error.
0 rows not loaded due to data format error.

Skip logic record counts: 0
Read logic record counts: 0
Refuse logic record counts: 0

0.000(ms) time used.

dmfldr: 2025-04-17 07:08:31  Encryption module failed to load
dmfldr: 2025-04-17 07:08:31  
Dest table: 
load failed.
failing reason: Encryption module failed to load
0 rows loaded success.
0 rows not loaded due to data error.
0 rows not loaded due to data format error.

Skip logic record counts: 0
Read logic record counts: 0
Refuse logic record counts: 0

0.000(ms) time used.

dmfldr: 2025-04-17 07:12:22  Encryption module failed to load
dmfldr: 2025-04-17 07:12:22  
Dest table: 
load failed.
failing reason: Encryption module failed to load
0 rows loaded success.
0 rows not loaded due to data error.
0 rows not loaded due to data format error.

Skip logic record counts: 0
Read logic record counts: 0
Refuse logic record counts: 0

0.000(ms) time used.

dmfldr: 2025-04-17 07:12:22  Encryption module failed to load
dmfldr: 2025-04-17 07:12:22  
Dest table: 
load failed.
failing reason: Encryption module failed to load
0 rows loaded success.
0 rows not loaded due to data error.
0 rows not loaded due to data format error.

Skip logic record counts: 0
Read logic record counts: 0
Refuse logic record counts: 0

0.000(ms) time used.

dmfldr: 2025-04-17 07:12:23  Encryption module failed to load
dmfldr: 2025-04-17 07:12:23  
Dest table: 
load failed.
failing reason: Encryption module failed to load
0 rows loaded success.
0 rows not loaded due to data error.
0 rows not loaded due to data format error.

Skip logic record counts: 0
Read logic record counts: 0
Refuse logic record counts: 0

0.000(ms) time used.

dmfldr: 2025-04-17 07:12:23  Encryption module failed to load
dmfldr: 2025-04-17 07:12:23  
Dest table: 
load failed.
failing reason: Encryption module failed to load
0 rows loaded success.
0 rows not loaded due to data error.
0 rows not loaded due to data format error.

Skip logic record counts: 0
Read logic record counts: 0
Refuse logic record counts: 0

0.000(ms) time used.

dmfldr: 2025-04-17 07:12:23  Encryption module failed to load
dmfldr: 2025-04-17 07:12:23  
Dest table: 
load failed.
failing reason: Encryption module failed to load
0 rows loaded success.
0 rows not loaded due to data error.
0 rows not loaded due to data format error.

Skip logic record counts: 0
Read logic record counts: 0
Refuse logic record counts: 0

0.000(ms) time used.

dmfldr: 2025-04-17 07:12:23  Encryption module failed to load
dmfldr: 2025-04-17 07:12:23  
Dest table: 
load failed.
failing reason: Encryption module failed to load
0 rows loaded success.
0 rows not loaded due to data error.
0 rows not loaded due to data format error.

Skip logic record counts: 0
Read logic record counts: 0
Refuse logic record counts: 0

0.000(ms) time used.

dmfldr: 2025-04-17 07:12:23  Encryption module failed to load
dmfldr: 2025-04-17 07:12:23  
Dest table: 
load failed.
failing reason: Encryption module failed to load
0 rows loaded success.
0 rows not loaded due to data error.
0 rows not loaded due to data format error.

Skip logic record counts: 0
Read logic record counts: 0
Refuse logic record counts: 0

0.000(ms) time used.

dmfldr: 2025-04-17 07:12:23  Encryption module failed to load
dmfldr: 2025-04-17 07:12:23  
Dest table: 
load failed.
failing reason: Encryption module failed to load
0 rows loaded success.
0 rows not loaded due to data error.
0 rows not loaded due to data format error.

Skip logic record counts: 0
Read logic record counts: 0
Refuse logic record counts: 0

0.000(ms) time used.

dmfldr: 2025-04-17 07:14:29  Encryption module failed to load
dmfldr: 2025-04-17 07:14:29  
Dest table: 
load failed.
failing reason: Encryption module failed to load
0 rows loaded success.
0 rows not loaded due to data error.
0 rows not loaded due to data format error.

Skip logic record counts: 0
Read logic record counts: 0
Refuse logic record counts: 0

0.000(ms) time used.

dmfldr: 2025-04-17 07:14:29  Encryption module failed to load
dmfldr: 2025-04-17 07:14:29  
Dest table: 
load failed.
failing reason: Encryption module failed to load
0 rows loaded success.
0 rows not loaded due to data error.
0 rows not loaded due to data format error.

Skip logic record counts: 0
Read logic record counts: 0
Refuse logic record counts: 0

0.000(ms) time used.

dmfldr: 2025-04-17 07:14:29  Encryption module failed to load
dmfldr: 2025-04-17 07:14:29  
Dest table: 
load failed.
failing reason: Encryption module failed to load
0 rows loaded success.
0 rows not loaded due to data error.
0 rows not loaded due to data format error.

Skip logic record counts: 0
Read logic record counts: 0
Refuse logic record counts: 0

0.000(ms) time used.

dmfldr: 2025-04-17 07:14:29  Encryption module failed to load
dmfldr: 2025-04-17 07:14:29  
Dest table: 
load failed.
failing reason: Encryption module failed to load
0 rows loaded success.
0 rows not loaded due to data error.
0 rows not loaded due to data format error.

Skip logic record counts: 0
Read logic record counts: 0
Refuse logic record counts: 0

0.000(ms) time used.

dmfldr: 2025-04-17 07:14:29  Encryption module failed to load
dmfldr: 2025-04-17 07:14:29  
Dest table: 
load failed.
failing reason: Encryption module failed to load
0 rows loaded success.
0 rows not loaded due to data error.
0 rows not loaded due to data format error.

Skip logic record counts: 0
Read logic record counts: 0
Refuse logic record counts: 0

0.000(ms) time used.

dmfldr: 2025-04-17 07:14:29  Encryption module failed to load
dmfldr: 2025-04-17 07:14:30  
Dest table: 
load failed.
failing reason: Encryption module failed to load
0 rows loaded success.
0 rows not loaded due to data error.
0 rows not loaded due to data format error.

Skip logic record counts: 0
Read logic record counts: 0
Refuse logic record counts: 0

0.000(ms) time used.

dmfldr: 2025-04-17 07:14:30  Encryption module failed to load
dmfldr: 2025-04-17 07:14:30  
Dest table: 
load failed.
failing reason: Encryption module failed to load
0 rows loaded success.
0 rows not loaded due to data error.
0 rows not loaded due to data format error.

Skip logic record counts: 0
Read logic record counts: 0
Refuse logic record counts: 0

0.000(ms) time used.

dmfldr: 2025-04-17 07:14:30  Encryption module failed to load
dmfldr: 2025-04-17 07:14:30  
Dest table: 
load failed.
failing reason: Encryption module failed to load
0 rows loaded success.
0 rows not loaded due to data error.
0 rows not loaded due to data format error.

Skip logic record counts: 0
Read logic record counts: 0
Refuse logic record counts: 0

0.000(ms) time used.

